// Jest Snapshot v1, https://goo.gl/fbAQLP

exports[`Registers a handler 1`] = `
Map {
  "NewBlock" => "gossip",
  "NewTransaction" => "gossip",
  "GetBlockHashes" => "directRPC",
  "GetBlocks" => "directRPC",
  "hello" => "gossip",
}
`;
