// Jest Snapshot v1, https://goo.gl/fbAQLP

exports[`Block Header Serde serializes and deserializes a block header 1`] = `
Object {
  "graffiti": "7465737400000000000000000000000000000000000000000000000000000000",
  "hash": "0500000000000000000000000000000000000000000000000000000000000000",
  "minersFee": "-1",
  "noteCommitment": Object {
    "commitment": "header",
    "size": 8,
  },
  "nullifierCommitment": Object {
    "commitment": "0000000000000000000000000000000000000000000000000000000000000000",
    "size": 3,
  },
  "previousBlockHash": "0000000000000000000000000000000000000000000000000000000000000000",
  "randomness": 25,
  "sequence": "5",
  "target": "17",
  "timestamp": 1598467858637,
  "work": "0",
}
`;
